.next/dev/types/validator.ts(269,39): error TS2307: Cannot find module '../../../app/api/admin/users/[id]/route.js' or its corresponding type declarations.
.next/dev/types/validator.ts(278,39): error TS2307: Cannot find module '../../../app/api/admin/users/route.js' or its corresponding type declarations.
.next/types/validator.ts(269,39): error TS2307: Cannot find module '../../app/api/admin/users/[id]/route.js' or its corresponding type declarations.
.next/types/validator.ts(278,39): error TS2307: Cannot find module '../../app/api/admin/users/route.js' or its corresponding type declarations.
app/[lang]/product/[id]/page.tsx(50,31): error TS2322: Type '{ category: { products: { name: string; id: string; name_fr: string | null; name_ar: string | null; image: string | null; }[]; } & { name: string; id: string; name_fr: string | null; name_ar: string | null; ... 5 more ...; updatedAt: Date; }; } & { ...; }' is not assignable to type 'Product'.
  Types of property 'name_fr' are incompatible.
    Type 'string | null' is not assignable to type 'string'.
      Type 'null' is not assignable to type 'string'.
auth.ts(14,13): error TS2322: Type '(credentials: Partial<Record<"email" | "password", unknown>>) => Promise<{ id: string; name: string | null; email: string; } | null>' is not assignable to type '(credentials: Partial<Record<"email" | "password", unknown>>, request: Request) => Awaitable<User | null>'.
  Type 'Promise<{ id: string; name: string | null; email: string; } | null>' is not assignable to type 'Awaitable<User | null>'.
    Type 'Promise<{ id: string; name: string | null; email: string; } | null>' is not assignable to type 'PromiseLike<User | null>'.
      Types of property 'then' are incompatible.
        Type '<TResult1 = { id: string; name: string | null; email: string; } | null, TResult2 = never>(onfulfilled?: ((value: { id: string; name: string | null; email: string; } | null) => TResult1 | PromiseLike<TResult1>) | null | undefined, onrejected?: ((reason: any) => TResult2 | PromiseLike<...>) | ... 1 more ... | undefine...' is not assignable to type '<TResult1 = User | null, TResult2 = never>(onfulfilled?: ((value: User | null) => TResult1 | PromiseLike<TResult1>) | null | undefined, onrejected?: ((reason: any) => TResult2 | PromiseLike<...>) | null | undefined) => PromiseLike<...>'.
          Types of parameters 'onfulfilled' and 'onfulfilled' are incompatible.
            Types of parameters 'value' and 'value' are incompatible.
              Type '{ id: string; name: string | null; email: string; } | null' is not assignable to type 'User | null'.
                Property 'role' is missing in type '{ id: string; name: string | null; email: string; }' but required in type 'User'.
prisma/seed.ts(14,30): error TS2339: Property 'user' does not exist on type 'PrismaClient<{ adapter: PrismaPg; }, never, DefaultArgs>'.
prisma/seed.ts(34,9): error TS2561: Object literal may only specify known properties, but 'nameEn' does not exist in type '(Without<CategoryCreateInput, CategoryUncheckedCreateInput> & CategoryUncheckedCreateInput) | (Without<...> & CategoryCreateInput)'. Did you mean to write 'name'?
prisma/seed.ts(47,9): error TS2561: Object literal may only specify known properties, but 'nameEn' does not exist in type '(Without<CategoryCreateInput, CategoryUncheckedCreateInput> & CategoryUncheckedCreateInput) | (Without<...> & CategoryCreateInput)'. Did you mean to write 'name'?
prisma/seed.ts(60,9): error TS2561: Object literal may only specify known properties, but 'nameEn' does not exist in type '(Without<CategoryCreateInput, CategoryUncheckedCreateInput> & CategoryUncheckedCreateInput) | (Without<...> & CategoryCreateInput)'. Did you mean to write 'name'?
